--2026-03-12 12:32:46--  https://portal.sac-cas.ch/api/openapi.yaml
Auflösen des Hostnamens portal.sac-cas.ch (portal.sac-cas.ch) … 5.102.150.2
Verbindungsaufbau zu portal.sac-cas.ch (portal.sac-cas.ch)|5.102.150.2|:443 … verbunden.
HTTP-Anforderung gesendet, auf Antwort wird gewartet … 200 OK
Länge: 680597 (665K) [text/yaml]
Wird in ‘in/openapi.yaml’ gespeichert.

     0K .......... .......... .......... .......... ..........  7% 2,10M 0s
    50K .......... .......... .......... .......... .......... 15% 2,23M 0s
   100K .......... .......... .......... .......... .......... 22% 2,13M 0s
   150K .......... .......... .......... .......... .......... 30% 12,5M 0s
   200K .......... .......... .......... .......... .......... 37% 3,07M 0s
   250K .......... .......... .......... .......... .......... 45% 9,85M 0s
   300K .......... .......... .......... .......... .......... 52% 17,3M 0s
   350K .......... .......... .......... .......... .......... 60% 13,0M 0s
   400K .......... .......... .......... .......... .......... 67% 10,1M 0s
   450K .......... .......... .......... .......... .......... 75% 7,38M 0s
   500K .......... .......... .......... .......... .......... 82% 11,4M 0s
   550K .......... .......... .......... .......... .......... 90% 10,8M 0s
   600K .......... .......... .......... .......... .......... 97% 15,2M 0s
   650K .......... ....                                       100% 35,9M=0,1s

2026-03-12 12:32:47 (5,26 MB/s) - ‘in/openapi.yaml’ gespeichert [680597/680597]

